07-Aug-2026 17:03:50.373 INFO [main] org.apache.catalina.startup.VersionLoggerListener.log Server version name:   Apache Tomcat/10.1.30
07-Aug-2026 17:03:50.384 INFO [main] org.apache.catalina.startup.VersionLoggerListener.log Server built:          Sep 13 2024 20:26:16 UTC
07-Aug-2026 17:03:50.384 INFO [main] org.apache.catalina.startup.VersionLoggerListener.log Server version number: 10.1.30.0
07-Aug-2026 17:03:50.384 INFO [main] org.apache.catalina.startup.VersionLoggerListener.log OS Name:               Windows 11
07-Aug-2026 17:03:50.384 INFO [main] org.apache.catalina.startup.VersionLoggerListener.log OS Version:            10.0
07-Aug-2026 17:03:50.384 INFO [main] org.apache.catalina.startup.VersionLoggerListener.log Architecture:          amd64
07-Aug-2026 17:03:50.384 INFO [main] org.apache.catalina.startup.VersionLoggerListener.log Java Home:             C:\Program Files\Java\jdk-21.0.11
07-Aug-2026 17:03:50.384 INFO [main] org.apache.catalina.startup.VersionLoggerListener.log JVM Version:           21.0.11+9-LTS-211
07-Aug-2026 17:03:50.384 INFO [main] org.apache.catalina.startup.VersionLoggerListener.log JVM Vendor:            Oracle Corporation
07-Aug-2026 17:03:50.384 INFO [main] org.apache.catalina.startup.VersionLoggerListener.log CATALINA_BASE:         D:\BridgeLabz-Training\Day-5\my-first-servlet\tomcat\apache-tomcat-10.1.30
07-Aug-2026 17:03:50.384 INFO [main] org.apache.catalina.startup.VersionLoggerListener.log CATALINA_HOME:         D:\BridgeLabz-Training\Day-5\my-first-servlet\tomcat\apache-tomcat-10.1.30
07-Aug-2026 17:03:50.408 INFO [main] org.apache.catalina.startup.VersionLoggerListener.log Command line argument: -Djava.util.logging.config.file=d:\BridgeLabz-Training\Day-5\my-first-servlet\tomcat\apache-tomcat-10.1.30\conf\logging.properties
07-Aug-2026 17:03:50.410 INFO [main] org.apache.catalina.startup.VersionLoggerListener.log Command line argument: -Djava.util.logging.manager=org.apache.juli.ClassLoaderLogManager
07-Aug-2026 17:03:50.410 INFO [main] org.apache.catalina.startup.VersionLoggerListener.log Command line argument: -Djdk.tls.ephemeralDHKeySize=2048
07-Aug-2026 17:03:50.410 INFO [main] org.apache.catalina.startup.VersionLoggerListener.log Command line argument: -Djava.protocol.handler.pkgs=org.apache.catalina.webresources
07-Aug-2026 17:03:50.410 INFO [main] org.apache.catalina.startup.VersionLoggerListener.log Command line argument: --add-opens=java.base/java.lang=ALL-UNNAMED
07-Aug-2026 17:03:50.410 INFO [main] org.apache.catalina.startup.VersionLoggerListener.log Command line argument: --add-opens=java.base/java.io=ALL-UNNAMED
07-Aug-2026 17:03:50.410 INFO [main] org.apache.catalina.startup.VersionLoggerListener.log Command line argument: --add-opens=java.base/java.util=ALL-UNNAMED
07-Aug-2026 17:03:50.410 INFO [main] org.apache.catalina.startup.VersionLoggerListener.log Command line argument: --add-opens=java.base/java.util.concurrent=ALL-UNNAMED
07-Aug-2026 17:03:50.410 INFO [main] org.apache.catalina.startup.VersionLoggerListener.log Command line argument: --add-opens=java.rmi/sun.rmi.transport=ALL-UNNAMED
07-Aug-2026 17:03:50.410 INFO [main] org.apache.catalina.startup.VersionLoggerListener.log Command line argument: -Dcatalina.base=d:\BridgeLabz-Training\Day-5\my-first-servlet\tomcat\apache-tomcat-10.1.30
07-Aug-2026 17:03:50.410 INFO [main] org.apache.catalina.startup.VersionLoggerListener.log Command line argument: -Dcatalina.home=d:\BridgeLabz-Training\Day-5\my-first-servlet\tomcat\apache-tomcat-10.1.30
07-Aug-2026 17:03:50.410 INFO [main] org.apache.catalina.startup.VersionLoggerListener.log Command line argument: -Djava.io.tmpdir=d:\BridgeLabz-Training\Day-5\my-first-servlet\tomcat\apache-tomcat-10.1.30\temp
07-Aug-2026 17:03:50.594 INFO [main] org.apache.catalina.core.AprLifecycleListener.lifecycleEvent Loaded Apache Tomcat Native library [2.0.8] using APR version [1.7.4].
07-Aug-2026 17:03:50.603 INFO [main] org.apache.catalina.core.AprLifecycleListener.initializeSSL OpenSSL successfully initialized [OpenSSL 3.0.14 4 Jun 2024]
07-Aug-2026 17:03:50.983 INFO [main] org.apache.coyote.AbstractProtocol.init Initializing ProtocolHandler ["http-nio-8080"]
07-Aug-2026 17:03:51.023 INFO [main] org.apache.catalina.startup.Catalina.load Server initialization in [880] milliseconds
07-Aug-2026 17:03:51.114 INFO [main] org.apache.catalina.core.StandardService.startInternal Starting service [Catalina]
07-Aug-2026 17:03:51.114 INFO [main] org.apache.catalina.core.StandardEngine.startInternal Starting Servlet engine: [Apache Tomcat/10.1.30]
07-Aug-2026 17:03:51.339 INFO [main] org.apache.catalina.startup.HostConfig.deployWAR Deploying web application archive [D:\BridgeLabz-Training\Day-5\my-first-servlet\tomcat\apache-tomcat-10.1.30\webapps\my-first-servlet.war]
07-Aug-2026 17:03:51.861 INFO [main] org.apache.catalina.startup.HostConfig.deployWAR Deployment of web application archive [D:\BridgeLabz-Training\Day-5\my-first-servlet\tomcat\apache-tomcat-10.1.30\webapps\my-first-servlet.war] has finished in [526] ms
07-Aug-2026 17:03:51.861 INFO [main] org.apache.catalina.startup.HostConfig.deployDirectory Deploying web application directory [D:\BridgeLabz-Training\Day-5\my-first-servlet\tomcat\apache-tomcat-10.1.30\webapps\docs]
07-Aug-2026 17:03:51.909 INFO [main] org.apache.catalina.startup.HostConfig.deployDirectory Deployment of web application directory [D:\BridgeLabz-Training\Day-5\my-first-servlet\tomcat\apache-tomcat-10.1.30\webapps\docs] has finished in [48] ms
07-Aug-2026 17:03:51.909 INFO [main] org.apache.catalina.startup.HostConfig.deployDirectory Deploying web application directory [D:\BridgeLabz-Training\Day-5\my-first-servlet\tomcat\apache-tomcat-10.1.30\webapps\examples]
07-Aug-2026 17:03:52.314 INFO [main] org.apache.catalina.startup.HostConfig.deployDirectory Deployment of web application directory [D:\BridgeLabz-Training\Day-5\my-first-servlet\tomcat\apache-tomcat-10.1.30\webapps\examples] has finished in [404] ms
07-Aug-2026 17:03:52.315 INFO [main] org.apache.catalina.startup.HostConfig.deployDirectory Deploying web application directory [D:\BridgeLabz-Training\Day-5\my-first-servlet\tomcat\apache-tomcat-10.1.30\webapps\host-manager]
07-Aug-2026 17:03:52.361 INFO [main] org.apache.catalina.startup.HostConfig.deployDirectory Deployment of web application directory [D:\BridgeLabz-Training\Day-5\my-first-servlet\tomcat\apache-tomcat-10.1.30\webapps\host-manager] has finished in [47] ms
07-Aug-2026 17:03:52.361 INFO [main] org.apache.catalina.startup.HostConfig.deployDirectory Deploying web application directory [D:\BridgeLabz-Training\Day-5\my-first-servlet\tomcat\apache-tomcat-10.1.30\webapps\manager]
07-Aug-2026 17:03:52.397 INFO [main] org.apache.catalina.startup.HostConfig.deployDirectory Deployment of web application directory [D:\BridgeLabz-Training\Day-5\my-first-servlet\tomcat\apache-tomcat-10.1.30\webapps\manager] has finished in [35] ms
07-Aug-2026 17:03:52.397 INFO [main] org.apache.catalina.startup.HostConfig.deployDirectory Deploying web application directory [D:\BridgeLabz-Training\Day-5\my-first-servlet\tomcat\apache-tomcat-10.1.30\webapps\ROOT]
07-Aug-2026 17:03:52.421 INFO [main] org.apache.catalina.startup.HostConfig.deployDirectory Deployment of web application directory [D:\BridgeLabz-Training\Day-5\my-first-servlet\tomcat\apache-tomcat-10.1.30\webapps\ROOT] has finished in [24] ms
07-Aug-2026 17:03:52.428 INFO [main] org.apache.coyote.AbstractProtocol.start Starting ProtocolHandler ["http-nio-8080"]
07-Aug-2026 17:03:52.464 INFO [main] org.apache.catalina.startup.Catalina.start Server startup in [1436] milliseconds
07-Aug-2026 17:14:25.595 INFO [main] org.apache.catalina.startup.VersionLoggerListener.log Server version name:   Apache Tomcat/10.1.30
07-Aug-2026 17:14:25.605 INFO [main] org.apache.catalina.startup.VersionLoggerListener.log Server built:          Sep 13 2024 20:26:16 UTC
07-Aug-2026 17:14:25.605 INFO [main] org.apache.catalina.startup.VersionLoggerListener.log Server version number: 10.1.30.0
07-Aug-2026 17:14:25.605 INFO [main] org.apache.catalina.startup.VersionLoggerListener.log OS Name:               Windows 11
07-Aug-2026 17:14:25.605 INFO [main] org.apache.catalina.startup.VersionLoggerListener.log OS Version:            10.0
07-Aug-2026 17:14:25.605 INFO [main] org.apache.catalina.startup.VersionLoggerListener.log Architecture:          amd64
07-Aug-2026 17:14:25.605 INFO [main] org.apache.catalina.startup.VersionLoggerListener.log Java Home:             C:\Program Files\Java\jdk-21.0.11
07-Aug-2026 17:14:25.605 INFO [main] org.apache.catalina.startup.VersionLoggerListener.log JVM Version:           21.0.11+9-LTS-211
07-Aug-2026 17:14:25.605 INFO [main] org.apache.catalina.startup.VersionLoggerListener.log JVM Vendor:            Oracle Corporation
07-Aug-2026 17:14:25.611 INFO [main] org.apache.catalina.startup.VersionLoggerListener.log CATALINA_BASE:         D:\BridgeLabz-Training\Day-5\my-first-servlet\tomcat\apache-tomcat-10.1.30
07-Aug-2026 17:14:25.611 INFO [main] org.apache.catalina.startup.VersionLoggerListener.log CATALINA_HOME:         D:\BridgeLabz-Training\Day-5\my-first-servlet\tomcat\apache-tomcat-10.1.30
07-Aug-2026 17:14:25.626 INFO [main] org.apache.catalina.startup.VersionLoggerListener.log Command line argument: -Djava.util.logging.config.file=d:\BridgeLabz-Training\Day-5\my-first-servlet\tomcat\apache-tomcat-10.1.30\conf\logging.properties
07-Aug-2026 17:14:25.626 INFO [main] org.apache.catalina.startup.VersionLoggerListener.log Command line argument: -Djava.util.logging.manager=org.apache.juli.ClassLoaderLogManager
07-Aug-2026 17:14:25.626 INFO [main] org.apache.catalina.startup.VersionLoggerListener.log Command line argument: -Djdk.tls.ephemeralDHKeySize=2048
07-Aug-2026 17:14:25.626 INFO [main] org.apache.catalina.startup.VersionLoggerListener.log Command line argument: -Djava.protocol.handler.pkgs=org.apache.catalina.webresources
07-Aug-2026 17:14:25.626 INFO [main] org.apache.catalina.startup.VersionLoggerListener.log Command line argument: --add-opens=java.base/java.lang=ALL-UNNAMED
07-Aug-2026 17:14:25.626 INFO [main] org.apache.catalina.startup.VersionLoggerListener.log Command line argument: --add-opens=java.base/java.io=ALL-UNNAMED
07-Aug-2026 17:14:25.626 INFO [main] org.apache.catalina.startup.VersionLoggerListener.log Command line argument: --add-opens=java.base/java.util=ALL-UNNAMED
07-Aug-2026 17:14:25.626 INFO [main] org.apache.catalina.startup.VersionLoggerListener.log Command line argument: --add-opens=java.base/java.util.concurrent=ALL-UNNAMED
07-Aug-2026 17:14:25.626 INFO [main] org.apache.catalina.startup.VersionLoggerListener.log Command line argument: --add-opens=java.rmi/sun.rmi.transport=ALL-UNNAMED
07-Aug-2026 17:14:25.626 INFO [main] org.apache.catalina.startup.VersionLoggerListener.log Command line argument: -Dcatalina.base=d:\BridgeLabz-Training\Day-5\my-first-servlet\tomcat\apache-tomcat-10.1.30
07-Aug-2026 17:14:25.626 INFO [main] org.apache.catalina.startup.VersionLoggerListener.log Command line argument: -Dcatalina.home=d:\BridgeLabz-Training\Day-5\my-first-servlet\tomcat\apache-tomcat-10.1.30
07-Aug-2026 17:14:25.626 INFO [main] org.apache.catalina.startup.VersionLoggerListener.log Command line argument: -Djava.io.tmpdir=d:\BridgeLabz-Training\Day-5\my-first-servlet\tomcat\apache-tomcat-10.1.30\temp
07-Aug-2026 17:14:25.635 INFO [main] org.apache.catalina.core.AprLifecycleListener.lifecycleEvent Loaded Apache Tomcat Native library [2.0.8] using APR version [1.7.4].
07-Aug-2026 17:14:25.643 INFO [main] org.apache.catalina.core.AprLifecycleListener.initializeSSL OpenSSL successfully initialized [OpenSSL 3.0.14 4 Jun 2024]
07-Aug-2026 17:14:26.036 INFO [main] org.apache.coyote.AbstractProtocol.init Initializing ProtocolHandler ["http-nio-8080"]
07-Aug-2026 17:14:26.063 SEVERE [main] org.apache.catalina.util.LifecycleBase.handleSubClassException Failed to initialize component [Connector["http-nio-8080"]]
	org.apache.catalina.LifecycleException: Protocol handler initialization failed
		at org.apache.catalina.connector.Connector.initInternal(Connector.java:1030)
		at org.apache.catalina.util.LifecycleBase.init(LifecycleBase.java:122)
		at org.apache.catalina.core.StandardService.initInternal(StandardService.java:525)
		at org.apache.catalina.util.LifecycleBase.init(LifecycleBase.java:122)
		at org.apache.catalina.core.StandardServer.initInternal(StandardServer.java:957)
		at org.apache.catalina.util.LifecycleBase.init(LifecycleBase.java:122)
		at org.apache.catalina.startup.Catalina.load(Catalina.java:708)
		at org.apache.catalina.startup.Catalina.load(Catalina.java:731)
		at java.base/jdk.internal.reflect.DirectMethodHandleAccessor.invoke(DirectMethodHandleAccessor.java:103)
		at java.base/java.lang.reflect.Method.invoke(Method.java:580)
		at org.apache.catalina.startup.Bootstrap.load(Bootstrap.java:302)
		at org.apache.catalina.startup.Bootstrap.main(Bootstrap.java:472)
	Caused by: java.net.BindException: Address already in use: bind
		at java.base/sun.nio.ch.Net.bind0(Native Method)
		at java.base/sun.nio.ch.Net.bind(Net.java:573)
		at java.base/sun.nio.ch.ServerSocketChannelImpl.netBind(ServerSocketChannelImpl.java:344)
		at java.base/sun.nio.ch.ServerSocketChannelImpl.bind(ServerSocketChannelImpl.java:301)
		at org.apache.tomcat.util.net.NioEndpoint.initServerSocket(NioEndpoint.java:239)
		at org.apache.tomcat.util.net.NioEndpoint.bind(NioEndpoint.java:194)
		at org.apache.tomcat.util.net.AbstractEndpoint.bindWithCleanup(AbstractEndpoint.java:1304)
		at org.apache.tomcat.util.net.AbstractEndpoint.init(AbstractEndpoint.java:1317)
		at org.apache.coyote.AbstractProtocol.init(AbstractProtocol.java:633)
		at org.apache.coyote.http11.AbstractHttp11Protocol.init(AbstractHttp11Protocol.java:79)
		at org.apache.catalina.connector.Connector.initInternal(Connector.java:1028)
		... 11 more
07-Aug-2026 17:14:26.071 INFO [main] org.apache.catalina.startup.Catalina.load Server initialization in [708] milliseconds
07-Aug-2026 17:14:26.123 INFO [main] org.apache.catalina.core.StandardService.startInternal Starting service [Catalina]
07-Aug-2026 17:14:26.123 INFO [main] org.apache.catalina.core.StandardEngine.startInternal Starting Servlet engine: [Apache Tomcat/10.1.30]
07-Aug-2026 17:14:26.313 INFO [main] org.apache.catalina.startup.HostConfig.deployWAR Deploying web application archive [D:\BridgeLabz-Training\Day-5\my-first-servlet\tomcat\apache-tomcat-10.1.30\webapps\my-first-servlet.war]
07-Aug-2026 17:14:26.353 INFO [main] org.apache.catalina.startup.ExpandWar.expand An expanded directory [D:\BridgeLabz-Training\Day-5\my-first-servlet\tomcat\apache-tomcat-10.1.30\webapps\my-first-servlet] was found with a last modified time that did not match the associated WAR. It will be deleted.
07-Aug-2026 17:14:26.757 INFO [main] org.apache.catalina.startup.HostConfig.deployWAR Deployment of web application archive [D:\BridgeLabz-Training\Day-5\my-first-servlet\tomcat\apache-tomcat-10.1.30\webapps\my-first-servlet.war] has finished in [444] ms
07-Aug-2026 17:14:26.757 INFO [main] org.apache.catalina.startup.HostConfig.deployDirectory Deploying web application directory [D:\BridgeLabz-Training\Day-5\my-first-servlet\tomcat\apache-tomcat-10.1.30\webapps\docs]
07-Aug-2026 17:14:26.803 INFO [main] org.apache.catalina.startup.HostConfig.deployDirectory Deployment of web application directory [D:\BridgeLabz-Training\Day-5\my-first-servlet\tomcat\apache-tomcat-10.1.30\webapps\docs] has finished in [46] ms
07-Aug-2026 17:14:26.803 INFO [main] org.apache.catalina.startup.HostConfig.deployDirectory Deploying web application directory [D:\BridgeLabz-Training\Day-5\my-first-servlet\tomcat\apache-tomcat-10.1.30\webapps\examples]
07-Aug-2026 17:14:27.208 INFO [main] org.apache.catalina.startup.HostConfig.deployDirectory Deployment of web application directory [D:\BridgeLabz-Training\Day-5\my-first-servlet\tomcat\apache-tomcat-10.1.30\webapps\examples] has finished in [405] ms
07-Aug-2026 17:14:27.208 INFO [main] org.apache.catalina.startup.HostConfig.deployDirectory Deploying web application directory [D:\BridgeLabz-Training\Day-5\my-first-servlet\tomcat\apache-tomcat-10.1.30\webapps\host-manager]
07-Aug-2026 17:14:27.253 INFO [main] org.apache.catalina.startup.HostConfig.deployDirectory Deployment of web application directory [D:\BridgeLabz-Training\Day-5\my-first-servlet\tomcat\apache-tomcat-10.1.30\webapps\host-manager] has finished in [45] ms
07-Aug-2026 17:14:27.253 INFO [main] org.apache.catalina.startup.HostConfig.deployDirectory Deploying web application directory [D:\BridgeLabz-Training\Day-5\my-first-servlet\tomcat\apache-tomcat-10.1.30\webapps\manager]
07-Aug-2026 17:14:27.302 INFO [main] org.apache.catalina.startup.HostConfig.deployDirectory Deployment of web application directory [D:\BridgeLabz-Training\Day-5\my-first-servlet\tomcat\apache-tomcat-10.1.30\webapps\manager] has finished in [46] ms
07-Aug-2026 17:14:27.302 INFO [main] org.apache.catalina.startup.HostConfig.deployDirectory Deploying web application directory [D:\BridgeLabz-Training\Day-5\my-first-servlet\tomcat\apache-tomcat-10.1.30\webapps\ROOT]
07-Aug-2026 17:14:27.336 INFO [main] org.apache.catalina.startup.HostConfig.deployDirectory Deployment of web application directory [D:\BridgeLabz-Training\Day-5\my-first-servlet\tomcat\apache-tomcat-10.1.30\webapps\ROOT] has finished in [34] ms
07-Aug-2026 17:14:27.345 INFO [main] org.apache.catalina.startup.Catalina.start Server startup in [1273] milliseconds
07-Aug-2026 17:14:27.353 SEVERE [main] org.apache.catalina.core.StandardServer.await Failed to create server shutdown socket on address [localhost] and port [8005] (base port [8005] and offset [0])
	java.net.BindException: Address already in use: bind
		at java.base/sun.nio.ch.Net.bind0(Native Method)
		at java.base/sun.nio.ch.Net.bind(Net.java:573)
		at java.base/sun.nio.ch.Net.bind(Net.java:562)
		at java.base/sun.nio.ch.NioSocketImpl.bind(NioSocketImpl.java:636)
		at java.base/java.net.ServerSocket.bind(ServerSocket.java:391)
		at java.base/java.net.ServerSocket.<init>(ServerSocket.java:278)
		at org.apache.catalina.core.StandardServer.await(StandardServer.java:533)
		at org.apache.catalina.startup.Catalina.await(Catalina.java:847)
		at org.apache.catalina.startup.Catalina.start(Catalina.java:795)
		at java.base/jdk.internal.reflect.DirectMethodHandleAccessor.invoke(DirectMethodHandleAccessor.java:103)
		at java.base/java.lang.reflect.Method.invoke(Method.java:580)
		at org.apache.catalina.startup.Bootstrap.start(Bootstrap.java:345)
		at org.apache.catalina.startup.Bootstrap.main(Bootstrap.java:473)
07-Aug-2026 17:14:27.353 INFO [main] org.apache.coyote.AbstractProtocol.pause Pausing ProtocolHandler ["http-nio-8080"]
07-Aug-2026 17:14:27.353 INFO [main] org.apache.catalina.core.StandardService.stopInternal Stopping service [Catalina]
07-Aug-2026 17:14:27.392 INFO [main] org.apache.coyote.AbstractProtocol.stop Stopping ProtocolHandler ["http-nio-8080"]
07-Aug-2026 17:14:27.392 INFO [main] org.apache.coyote.AbstractProtocol.destroy Destroying ProtocolHandler ["http-nio-8080"]
07-Aug-2026 17:14:29.115 INFO [Catalina-utility-2] org.apache.catalina.startup.HostConfig.undeploy Undeploying context [/my-first-servlet]
07-Aug-2026 17:14:29.275 INFO [Catalina-utility-2] org.apache.catalina.startup.HostConfig.deployWAR Deploying web application archive [D:\BridgeLabz-Training\Day-5\my-first-servlet\tomcat\apache-tomcat-10.1.30\webapps\my-first-servlet.war]
07-Aug-2026 17:14:29.460 INFO [Catalina-utility-2] org.apache.catalina.startup.HostConfig.deployWAR Deployment of web application archive [D:\BridgeLabz-Training\Day-5\my-first-servlet\tomcat\apache-tomcat-10.1.30\webapps\my-first-servlet.war] has finished in [185] ms
